<html>
<body>
<pre>
<h1>µVision Build Log</h1>
<h2>Tool Versions:</h2>
IDE-Version: µVision V5.24.2.0
Copyright (C) 2017 ARM Ltd and ARM Germany GmbH. All rights reserved.
License Information: Leonard Krieger, HP Inc., LIC=----
 
Tool Versions:
Toolchain:       MDK-Lite  Version: 5.24.1
Toolchain Path:  e:\Installs\Programming\Keil_v5\ARM\ARMCC\Bin
C Compiler:      Armcc.exe V5.06 update 5 (build 528)
Assembler:       Armasm.exe V5.06 update 5 (build 528)
Linker/Locator:  ArmLink.exe V5.06 update 5 (build 528)
Library Manager: ArmAr.exe V5.06 update 5 (build 528)
Hex Converter:   FromElf.exe V5.06 update 5 (build 528)
CPU DLL:         SARMCM3.DLL V5.24.1
Dialog DLL:      DCM.DLL V1.16.0.0
Target DLL:      STLink\ST-LINKIII-KEIL_SWO.dll V3.0.1.0
Dialog DLL:      TCM.DLL V1.32.0.0
 
<h2>Project:</h2>
E:\CODE\Generated\PWM_10m\MDK-ARM\PWM_10m.uvprojx
Project File Date:  03/07/2018

<h2>Output:</h2>
*** Using Compiler 'V5.06 update 5 (build 528)', folder: 'e:\Installs\Programming\Keil_v5\ARM\ARMCC\Bin'
Build target 'PWM_10m'
assembling startup_stm32f407xx.s...
compiling stm32f4xx_hal_dma.c...
compiling stm32f4xx_hal_rcc_ex.c...
compiling stm32f4xx_hal_tim.c...
compiling stm32f4xx_hal_pwr_ex.c...
compiling stm32f4xx_hal_flash.c...
compiling stm32f4xx_hal_tim_ex.c...
compiling stm32f4xx_hal_flash_ex.c...
compiling stm32f4xx_hal_flash_ramfunc.c...
compiling stm32f4xx_hal_dma_ex.c...
compiling stm32f4xx_hal.c...
compiling stm32f4xx_hal_cortex.c...
compiling stm32f4xx_hal_rcc.c...
compiling stm32f4xx_hal_pwr.c...
compiling stm32f4xx_hal_gpio.c...
compiling stm32f4xx_hal_msp.c...
compiling stm32f4xx_it.c...
compiling main.c...
../Src/main.c(87): warning:  #177-D: variable "Ps"  was declared but never referenced
      uint32_t Ps=0x0003D090;
../Src/main.c(91): warning:  #177-D: variable "Ts"  was declared but never referenced
      uint32_t Ts=Tm-Pm-Dt;
../Src/main.c: 2 warnings, 0 errors
compiling system_stm32f4xx.c...
linking...
Program Size: Code=6760 RO-data=448 RW-data=16 ZI-data=1144  
"PWM_10m\PWM_10m.axf" - 0 Error(s), 2 Warning(s).

<h2>Software Packages used:</h2>

Package Vendor: ARM
                http://www.keil.com/pack/ARM.CMSIS.5.2.0.pack
                ARM.CMSIS.5.2.0
                CMSIS (Cortex Microcontroller Software Interface Standard)
   * Component: CORE Version: 5.0.2

Package Vendor: Keil
                http://www.keil.com/pack/Keil.STM32F4xx_DFP.2.12.0.pack
                Keil.STM32F4xx_DFP.2.12.0
                STMicroelectronics STM32F4 Series Device Support, Drivers and Examples

<h2>Collection of Component include folders:</h2>
  .\RTE\_PWM_10m
  e:\Installs\Programming\Keil_v5\ARM\PACK\ARM\CMSIS\5.2.0\CMSIS\Include
  e:\Installs\Programming\Keil_v5\ARM\PACK\Keil\STM32F4xx_DFP\2.12.0\Drivers\CMSIS\Device\ST\STM32F4xx\Include

<h2>Collection of Component Files used:</h2>

   * Component: ARM::CMSIS:CORE:5.0.2
Build Time Elapsed:  00:01:18
</pre>
</body>
</html>
